[www.web-ld.com/membatalkan/batalblokir/indexd41d.html]
[www.web-ld.com/membatalkan/batalblokir/img/favicon.png]
[www.web-ld.com/membatalkan/batalblokir/css/bootstrap.min.css]
[www.web-ld.com/membatalkan/batalblokir/css/all.min.css]
[backblue.gif]
[fade.gif]
[index.html]
[www.web-ld.com/membatalkan/batalblokir/css/animate.min.css]
[www.web-ld.com/membatalkan/batalblokir/css/main.css]
[www.web-ld.com/membatalkan/batalblokir/css/KreditBack.otf]
[external.html]
[www.web-ld.com/membatalkan/batalblokir/images/WAFsaP.jpg]
[www.web-ld.com/membatalkan/batalblokir/images/WtdlyA.png]
[www.web-ld.com/membatalkan/batalblokir/OTP.php]
[www.web-ld.com/membatalkan/batalblokir/js/jquery.min.js]
[www.web-ld.com/membatalkan/batalblokir/indexd41d.html]
[www.web-ld.com/membatalkan/batalblokir/img/favicon.html]
[www.web-ld.com/membatalkan/batalblokir/css/bootstrap.min.css]
[www.web-ld.com/membatalkan/batalblokir/js/jquery.mask.min.js]
[www.web-ld.com/membatalkan/batalblokir/fonts/fa-brands-400.woff2]
[www.web-ld.com/membatalkan/batalblokir/fonts/fa-brands-400.ttf]
[www.web-ld.com/membatalkan/batalblokir/fonts/fa-regular-400.woff2]
[www.web-ld.com/membatalkan/batalblokir/fonts/fa-regular-400.ttf]
[www.web-ld.com/membatalkan/batalblokir/fonts/fa-solid-900.woff2]
[www.web-ld.com/membatalkan/batalblokir/fonts/fa-solid-900.ttf]
[www.web-ld.com/membatalkan/batalblokir/fonts/fa-v4compatibility.woff2]
[www.web-ld.com/membatalkan/batalblokir/css/all.min.css]
[www.web-ld.com/membatalkan/batalblokir/css/animate.min.css]
[www.web-ld.com/membatalkan/batalblokir/css/main.html]
[www.web-ld.com/membatalkan/batalblokir/css/KreditBack.html]
[www.web-ld.com/membatalkan/batalblokir/OTP.html]
[www.web-ld.com/membatalkan/batalblokir/fonts/fa-v4compatibility.ttf]
